[2026-09-04 10:07:55,918] ERROR in errors: Unhandled exception: Missing user_loader or request_loader. Refer to http://flask-login.readthedocs.io/#how-it-works for more info.
Traceback (most recent call last):
  File "/home/pthunder/Projects/moneytracker/venv/lib64/python3.14/site-packages/flask/app.py", line 917, in full_dispatch_request
    rv = self.dispatch_request()
  File "/home/pthunder/Projects/moneytracker/venv/lib64/python3.14/site-packages/flask/app.py", line 902, in dispatch_request
    return self.ensure_sync(self.view_functions[rule.endpoint])(**view_args)  # type: ignore[no-any-return]
           ~~~~~~~~~~~~~~~~~~~~~~~~~~~~~~~~~~~~~~~~~~~~~~~~~~~~^^^^^^^^^^^^^
  File "/home/pthunder/Projects/moneytracker/app/__init__.py", line 209, in index
    return render_template("index.html", title="Home")
  File "/home/pthunder/Projects/moneytracker/venv/lib64/python3.14/site-packages/flask/templating.py", line 150, in render_template
    return _render(app, template, context)
  File "/home/pthunder/Projects/moneytracker/venv/lib64/python3.14/site-packages/flask/templating.py", line 127, in _render
    app.update_template_context(context)
    ~~~~~~~~~~~~~~~~~~~~~~~~~~~^^^^^^^^^
  File "/home/pthunder/Projects/moneytracker/venv/lib64/python3.14/site-packages/flask/app.py", line 530, in update_template_context
    context.update(self.ensure_sync(func)())
                   ~~~~~~~~~~~~~~~~~~~~~~^^
  File "/home/pthunder/Projects/moneytracker/venv/lib64/python3.14/site-packages/flask_login/utils.py", line 405, in _user_context_processor
    return dict(current_user=_get_user())
                             ~~~~~~~~~^^
  File "/home/pthunder/Projects/moneytracker/venv/lib64/python3.14/site-packages/flask_login/utils.py", line 370, in _get_user
    current_app.login_manager._load_user()
    ~~~~~~~~~~~~~~~~~~~~~~~~~~~~~~~~~~~~^^
  File "/home/pthunder/Projects/moneytracker/venv/lib64/python3.14/site-packages/flask_login/login_manager.py", line 347, in _load_user
    raise Exception(
    ...<3 lines>...
    )
Exception: Missing user_loader or request_loader. Refer to http://flask-login.readthedocs.io/#how-it-works for more info.
[2026-09-04 10:10:21,771] ERROR in errors: Unhandled exception: Missing user_loader or request_loader. Refer to http://flask-login.readthedocs.io/#how-it-works for more info.
Traceback (most recent call last):
  File "/home/pthunder/Projects/moneytracker/venv/lib64/python3.14/site-packages/flask/app.py", line 917, in full_dispatch_request
    rv = self.dispatch_request()
  File "/home/pthunder/Projects/moneytracker/venv/lib64/python3.14/site-packages/flask/app.py", line 902, in dispatch_request
    return self.ensure_sync(self.view_functions[rule.endpoint])(**view_args)  # type: ignore[no-any-return]
           ~~~~~~~~~~~~~~~~~~~~~~~~~~~~~~~~~~~~~~~~~~~~~~~~~~~~^^^^^^^^^^^^^
  File "/home/pthunder/Projects/moneytracker/app/__init__.py", line 209, in index
    return render_template("index.html", title="Home")
  File "/home/pthunder/Projects/moneytracker/venv/lib64/python3.14/site-packages/flask/templating.py", line 150, in render_template
    return _render(app, template, context)
  File "/home/pthunder/Projects/moneytracker/venv/lib64/python3.14/site-packages/flask/templating.py", line 127, in _render
    app.update_template_context(context)
    ~~~~~~~~~~~~~~~~~~~~~~~~~~~^^^^^^^^^
  File "/home/pthunder/Projects/moneytracker/venv/lib64/python3.14/site-packages/flask/app.py", line 530, in update_template_context
    context.update(self.ensure_sync(func)())
                   ~~~~~~~~~~~~~~~~~~~~~~^^
  File "/home/pthunder/Projects/moneytracker/venv/lib64/python3.14/site-packages/flask_login/utils.py", line 405, in _user_context_processor
    return dict(current_user=_get_user())
                             ~~~~~~~~~^^
  File "/home/pthunder/Projects/moneytracker/venv/lib64/python3.14/site-packages/flask_login/utils.py", line 370, in _get_user
    current_app.login_manager._load_user()
    ~~~~~~~~~~~~~~~~~~~~~~~~~~~~~~~~~~~~^^
  File "/home/pthunder/Projects/moneytracker/venv/lib64/python3.14/site-packages/flask_login/login_manager.py", line 347, in _load_user
    raise Exception(
    ...<3 lines>...
    )
Exception: Missing user_loader or request_loader. Refer to http://flask-login.readthedocs.io/#how-it-works for more info.
[2026-09-04 10:11:42,201] ERROR in errors: Unhandled exception: Could not build url for endpoint 'auth.login'. Did you mean 'index' instead?
Traceback (most recent call last):
  File "/home/pthunder/Projects/moneytracker/venv/lib64/python3.14/site-packages/flask/app.py", line 917, in full_dispatch_request
    rv = self.dispatch_request()
  File "/home/pthunder/Projects/moneytracker/venv/lib64/python3.14/site-packages/flask/app.py", line 902, in dispatch_request
    return self.ensure_sync(self.view_functions[rule.endpoint])(**view_args)  # type: ignore[no-any-return]
           ~~~~~~~~~~~~~~~~~~~~~~~~~~~~~~~~~~~~~~~~~~~~~~~~~~~~^^^^^^^^^^^^^
  File "/home/pthunder/Projects/moneytracker/app/__init__.py", line 210, in index
    return render_template("index.html", title="Home")
  File "/home/pthunder/Projects/moneytracker/venv/lib64/python3.14/site-packages/flask/templating.py", line 150, in render_template
    return _render(app, template, context)
  File "/home/pthunder/Projects/moneytracker/venv/lib64/python3.14/site-packages/flask/templating.py", line 131, in _render
    rv = template.render(context)
  File "/home/pthunder/Projects/moneytracker/venv/lib64/python3.14/site-packages/jinja2/environment.py", line 1295, in render
    self.environment.handle_exception()
    ~~~~~~~~~~~~~~~~~~~~~~~~~~~~~~~~~^^
  File "/home/pthunder/Projects/moneytracker/venv/lib64/python3.14/site-packages/jinja2/environment.py", line 942, in handle_exception
    raise rewrite_traceback_stack(source=source)
  File "/home/pthunder/Projects/moneytracker/app/templates/index.html", line 46, in top-level template code
    <a href="{{ url_for('auth.login') }}" class="btn btn-hero-secondary">Log In</a>
    ^^^^^^^^^^^^^
  File "/home/pthunder/Projects/moneytracker/venv/lib64/python3.14/site-packages/flask/app.py", line 1121, in url_for
    return self.handle_url_build_error(error, endpoint, values)
           ~~~~~~~~~~~~~~~~~~~~~~~~~~~^^^^^^^^^^^^^^^^^^^^^^^^^
  File "/home/pthunder/Projects/moneytracker/venv/lib64/python3.14/site-packages/flask/app.py", line 1110, in url_for
    rv = url_adapter.build(  # type: ignore[union-attr]
        endpoint,
    ...<3 lines>...
        force_external=_external,
    )
  File "/home/pthunder/Projects/moneytracker/venv/lib64/python3.14/site-packages/werkzeug/routing/map.py", line 924, in build
    raise BuildError(endpoint, values, method, self)
werkzeug.routing.exceptions.BuildError: Could not build url for endpoint 'auth.login'. Did you mean 'index' instead?
[2026-09-04 10:14:00,102] ERROR in errors: Unhandled exception: Could not build url for endpoint 'auth.login'. Did you mean 'index' instead?
Traceback (most recent call last):
  File "/home/pthunder/Projects/moneytracker/venv/lib64/python3.14/site-packages/flask/app.py", line 917, in full_dispatch_request
    rv = self.dispatch_request()
  File "/home/pthunder/Projects/moneytracker/venv/lib64/python3.14/site-packages/flask/app.py", line 902, in dispatch_request
    return self.ensure_sync(self.view_functions[rule.endpoint])(**view_args)  # type: ignore[no-any-return]
           ~~~~~~~~~~~~~~~~~~~~~~~~~~~~~~~~~~~~~~~~~~~~~~~~~~~~^^^^^^^^^^^^^
  File "/home/pthunder/Projects/moneytracker/app/__init__.py", line 210, in index
    return render_template("index.html", title="Home")
  File "/home/pthunder/Projects/moneytracker/venv/lib64/python3.14/site-packages/flask/templating.py", line 150, in render_template
    return _render(app, template, context)
  File "/home/pthunder/Projects/moneytracker/venv/lib64/python3.14/site-packages/flask/templating.py", line 131, in _render
    rv = template.render(context)
  File "/home/pthunder/Projects/moneytracker/venv/lib64/python3.14/site-packages/jinja2/environment.py", line 1295, in render
    self.environment.handle_exception()
    ~~~~~~~~~~~~~~~~~~~~~~~~~~~~~~~~~^^
  File "/home/pthunder/Projects/moneytracker/venv/lib64/python3.14/site-packages/jinja2/environment.py", line 942, in handle_exception
    raise rewrite_traceback_stack(source=source)
  File "/home/pthunder/Projects/moneytracker/app/templates/index.html", line 46, in top-level template code
    <a href="{{ url_for('auth.login') }}" class="btn btn-hero-secondary">Log In</a>
    ^^^^^^^^^^^^^
  File "/home/pthunder/Projects/moneytracker/venv/lib64/python3.14/site-packages/flask/app.py", line 1121, in url_for
    return self.handle_url_build_error(error, endpoint, values)
           ~~~~~~~~~~~~~~~~~~~~~~~~~~~^^^^^^^^^^^^^^^^^^^^^^^^^
  File "/home/pthunder/Projects/moneytracker/venv/lib64/python3.14/site-packages/flask/app.py", line 1110, in url_for
    rv = url_adapter.build(  # type: ignore[union-attr]
        endpoint,
    ...<3 lines>...
        force_external=_external,
    )
  File "/home/pthunder/Projects/moneytracker/venv/lib64/python3.14/site-packages/werkzeug/routing/map.py", line 924, in build
    raise BuildError(endpoint, values, method, self)
werkzeug.routing.exceptions.BuildError: Could not build url for endpoint 'auth.login'. Did you mean 'index' instead?
[2026-09-04 10:14:01,577] ERROR in errors: Unhandled exception: Could not build url for endpoint 'auth.login'. Did you mean 'index' instead?
Traceback (most recent call last):
  File "/home/pthunder/Projects/moneytracker/venv/lib64/python3.14/site-packages/flask/app.py", line 917, in full_dispatch_request
    rv = self.dispatch_request()
  File "/home/pthunder/Projects/moneytracker/venv/lib64/python3.14/site-packages/flask/app.py", line 902, in dispatch_request
    return self.ensure_sync(self.view_functions[rule.endpoint])(**view_args)  # type: ignore[no-any-return]
           ~~~~~~~~~~~~~~~~~~~~~~~~~~~~~~~~~~~~~~~~~~~~~~~~~~~~^^^^^^^^^^^^^
  File "/home/pthunder/Projects/moneytracker/app/__init__.py", line 210, in index
    return render_template("index.html", title="Home")
  File "/home/pthunder/Projects/moneytracker/venv/lib64/python3.14/site-packages/flask/templating.py", line 150, in render_template
    return _render(app, template, context)
  File "/home/pthunder/Projects/moneytracker/venv/lib64/python3.14/site-packages/flask/templating.py", line 131, in _render
    rv = template.render(context)
  File "/home/pthunder/Projects/moneytracker/venv/lib64/python3.14/site-packages/jinja2/environment.py", line 1295, in render
    self.environment.handle_exception()
    ~~~~~~~~~~~~~~~~~~~~~~~~~~~~~~~~~^^
  File "/home/pthunder/Projects/moneytracker/venv/lib64/python3.14/site-packages/jinja2/environment.py", line 942, in handle_exception
    raise rewrite_traceback_stack(source=source)
  File "/home/pthunder/Projects/moneytracker/app/templates/index.html", line 46, in top-level template code
    <a href="{{ url_for('auth.login') }}" class="btn btn-hero-secondary">Log In</a>
    ^^^^^^^^^^^^^
  File "/home/pthunder/Projects/moneytracker/venv/lib64/python3.14/site-packages/flask/app.py", line 1121, in url_for
    return self.handle_url_build_error(error, endpoint, values)
           ~~~~~~~~~~~~~~~~~~~~~~~~~~~^^^^^^^^^^^^^^^^^^^^^^^^^
  File "/home/pthunder/Projects/moneytracker/venv/lib64/python3.14/site-packages/flask/app.py", line 1110, in url_for
    rv = url_adapter.build(  # type: ignore[union-attr]
        endpoint,
    ...<3 lines>...
        force_external=_external,
    )
  File "/home/pthunder/Projects/moneytracker/venv/lib64/python3.14/site-packages/werkzeug/routing/map.py", line 924, in build
    raise BuildError(endpoint, values, method, self)
werkzeug.routing.exceptions.BuildError: Could not build url for endpoint 'auth.login'. Did you mean 'index' instead?
[2026-09-04 10:17:45,040] ERROR in errors: Unhandled exception: Could not build url for endpoint 'contact'. Did you mean 'static' instead?
Traceback (most recent call last):
  File "/home/pthunder/Projects/moneytracker/venv/lib64/python3.14/site-packages/flask/app.py", line 917, in full_dispatch_request
    rv = self.dispatch_request()
  File "/home/pthunder/Projects/moneytracker/venv/lib64/python3.14/site-packages/flask/app.py", line 902, in dispatch_request
    return self.ensure_sync(self.view_functions[rule.endpoint])(**view_args)  # type: ignore[no-any-return]
           ~~~~~~~~~~~~~~~~~~~~~~~~~~~~~~~~~~~~~~~~~~~~~~~~~~~~^^^^^^^^^^^^^
  File "/home/pthunder/Projects/moneytracker/app/__init__.py", line 210, in index
    return render_template("index.html", title="Home")
  File "/home/pthunder/Projects/moneytracker/venv/lib64/python3.14/site-packages/flask/templating.py", line 150, in render_template
    return _render(app, template, context)
  File "/home/pthunder/Projects/moneytracker/venv/lib64/python3.14/site-packages/flask/templating.py", line 131, in _render
    rv = template.render(context)
  File "/home/pthunder/Projects/moneytracker/venv/lib64/python3.14/site-packages/jinja2/environment.py", line 1295, in render
    self.environment.handle_exception()
    ~~~~~~~~~~~~~~~~~~~~~~~~~~~~~~~~~^^
  File "/home/pthunder/Projects/moneytracker/venv/lib64/python3.14/site-packages/jinja2/environment.py", line 942, in handle_exception
    raise rewrite_traceback_stack(source=source)
  File "/home/pthunder/Projects/moneytracker/app/templates/index.html", line 298, in top-level template code
    {% extends "layouts/web.html" %}
    ^^^^^^^^^^^^^^^^^^^^^^^^^
  File "/home/pthunder/Projects/moneytracker/app/templates/layouts/web.html", line 24, in top-level template code
    <a class="nav-link {% if CONTACT %}active{% endif %}" href="{{ url_for ('contact') }}">Contact Us</a>
    ^^^^^^^^^
  File "/home/pthunder/Projects/moneytracker/venv/lib64/python3.14/site-packages/flask/app.py", line 1121, in url_for
    return self.handle_url_build_error(error, endpoint, values)
           ~~~~~~~~~~~~~~~~~~~~~~~~~~~^^^^^^^^^^^^^^^^^^^^^^^^^
  File "/home/pthunder/Projects/moneytracker/venv/lib64/python3.14/site-packages/flask/app.py", line 1110, in url_for
    rv = url_adapter.build(  # type: ignore[union-attr]
        endpoint,
    ...<3 lines>...
        force_external=_external,
    )
  File "/home/pthunder/Projects/moneytracker/venv/lib64/python3.14/site-packages/werkzeug/routing/map.py", line 924, in build
    raise BuildError(endpoint, values, method, self)
werkzeug.routing.exceptions.BuildError: Could not build url for endpoint 'contact'. Did you mean 'static' instead?
[2026-09-04 10:18:33,404] ERROR in errors: Unhandled exception: Could not build url for endpoint 'contact'. Did you mean 'static' instead?
Traceback (most recent call last):
  File "/home/pthunder/Projects/moneytracker/venv/lib64/python3.14/site-packages/flask/app.py", line 917, in full_dispatch_request
    rv = self.dispatch_request()
  File "/home/pthunder/Projects/moneytracker/venv/lib64/python3.14/site-packages/flask/app.py", line 902, in dispatch_request
    return self.ensure_sync(self.view_functions[rule.endpoint])(**view_args)  # type: ignore[no-any-return]
           ~~~~~~~~~~~~~~~~~~~~~~~~~~~~~~~~~~~~~~~~~~~~~~~~~~~~^^^^^^^^^^^^^
  File "/home/pthunder/Projects/moneytracker/app/__init__.py", line 210, in index
    return render_template("index.html", title="Home")
  File "/home/pthunder/Projects/moneytracker/venv/lib64/python3.14/site-packages/flask/templating.py", line 150, in render_template
    return _render(app, template, context)
  File "/home/pthunder/Projects/moneytracker/venv/lib64/python3.14/site-packages/flask/templating.py", line 131, in _render
    rv = template.render(context)
  File "/home/pthunder/Projects/moneytracker/venv/lib64/python3.14/site-packages/jinja2/environment.py", line 1295, in render
    self.environment.handle_exception()
    ~~~~~~~~~~~~~~~~~~~~~~~~~~~~~~~~~^^
  File "/home/pthunder/Projects/moneytracker/venv/lib64/python3.14/site-packages/jinja2/environment.py", line 942, in handle_exception
    raise rewrite_traceback_stack(source=source)
  File "/home/pthunder/Projects/moneytracker/app/templates/index.html", line 298, in top-level template code
    {% extends "layouts/web.html" %}
    ^^^^^^^^^^^^^^^^^^^^^^^^^
  File "/home/pthunder/Projects/moneytracker/app/templates/layouts/web.html", line 24, in top-level template code
    <a class="nav-link {% if CONTACT %}active{% endif %}" href="{{ url_for ('contact') }}">Contact Us</a>
    ^^^^^^^^^
  File "/home/pthunder/Projects/moneytracker/venv/lib64/python3.14/site-packages/flask/app.py", line 1121, in url_for
    return self.handle_url_build_error(error, endpoint, values)
           ~~~~~~~~~~~~~~~~~~~~~~~~~~~^^^^^^^^^^^^^^^^^^^^^^^^^
  File "/home/pthunder/Projects/moneytracker/venv/lib64/python3.14/site-packages/flask/app.py", line 1110, in url_for
    rv = url_adapter.build(  # type: ignore[union-attr]
        endpoint,
    ...<3 lines>...
        force_external=_external,
    )
  File "/home/pthunder/Projects/moneytracker/venv/lib64/python3.14/site-packages/werkzeug/routing/map.py", line 924, in build
    raise BuildError(endpoint, values, method, self)
werkzeug.routing.exceptions.BuildError: Could not build url for endpoint 'contact'. Did you mean 'static' instead?
[2026-09-04 10:18:34,144] ERROR in errors: Unhandled exception: Could not build url for endpoint 'contact'. Did you mean 'static' instead?
Traceback (most recent call last):
  File "/home/pthunder/Projects/moneytracker/venv/lib64/python3.14/site-packages/flask/app.py", line 917, in full_dispatch_request
    rv = self.dispatch_request()
  File "/home/pthunder/Projects/moneytracker/venv/lib64/python3.14/site-packages/flask/app.py", line 902, in dispatch_request
    return self.ensure_sync(self.view_functions[rule.endpoint])(**view_args)  # type: ignore[no-any-return]
           ~~~~~~~~~~~~~~~~~~~~~~~~~~~~~~~~~~~~~~~~~~~~~~~~~~~~^^^^^^^^^^^^^
  File "/home/pthunder/Projects/moneytracker/app/__init__.py", line 210, in index
    return render_template("index.html", title="Home")
  File "/home/pthunder/Projects/moneytracker/venv/lib64/python3.14/site-packages/flask/templating.py", line 150, in render_template
    return _render(app, template, context)
  File "/home/pthunder/Projects/moneytracker/venv/lib64/python3.14/site-packages/flask/templating.py", line 131, in _render
    rv = template.render(context)
  File "/home/pthunder/Projects/moneytracker/venv/lib64/python3.14/site-packages/jinja2/environment.py", line 1295, in render
    self.environment.handle_exception()
    ~~~~~~~~~~~~~~~~~~~~~~~~~~~~~~~~~^^
  File "/home/pthunder/Projects/moneytracker/venv/lib64/python3.14/site-packages/jinja2/environment.py", line 942, in handle_exception
    raise rewrite_traceback_stack(source=source)
  File "/home/pthunder/Projects/moneytracker/app/templates/index.html", line 298, in top-level template code
    {% extends "layouts/web.html" %}
    ^^^^^^^^^^^^^^^^^^^^^^^^^
  File "/home/pthunder/Projects/moneytracker/app/templates/layouts/web.html", line 24, in top-level template code
    <a class="nav-link {% if CONTACT %}active{% endif %}" href="{{ url_for ('contact') }}">Contact Us</a>
    ^^^^^^^^^
  File "/home/pthunder/Projects/moneytracker/venv/lib64/python3.14/site-packages/flask/app.py", line 1121, in url_for
    return self.handle_url_build_error(error, endpoint, values)
           ~~~~~~~~~~~~~~~~~~~~~~~~~~~^^^^^^^^^^^^^^^^^^^^^^^^^
  File "/home/pthunder/Projects/moneytracker/venv/lib64/python3.14/site-packages/flask/app.py", line 1110, in url_for
    rv = url_adapter.build(  # type: ignore[union-attr]
        endpoint,
    ...<3 lines>...
        force_external=_external,
    )
  File "/home/pthunder/Projects/moneytracker/venv/lib64/python3.14/site-packages/werkzeug/routing/map.py", line 924, in build
    raise BuildError(endpoint, values, method, self)
werkzeug.routing.exceptions.BuildError: Could not build url for endpoint 'contact'. Did you mean 'static' instead?
[2026-09-04 10:20:58,934] ERROR in errors: Unhandled exception: Could not build url for endpoint 'contact'. Did you mean 'static' instead?
Traceback (most recent call last):
  File "/home/pthunder/Projects/moneytracker/venv/lib64/python3.14/site-packages/flask/app.py", line 917, in full_dispatch_request
    rv = self.dispatch_request()
  File "/home/pthunder/Projects/moneytracker/venv/lib64/python3.14/site-packages/flask/app.py", line 902, in dispatch_request
    return self.ensure_sync(self.view_functions[rule.endpoint])(**view_args)  # type: ignore[no-any-return]
           ~~~~~~~~~~~~~~~~~~~~~~~~~~~~~~~~~~~~~~~~~~~~~~~~~~~~^^^^^^^^^^^^^
  File "/home/pthunder/Projects/moneytracker/app/__init__.py", line 210, in index
    return render_template("index.html", title="Home")
  File "/home/pthunder/Projects/moneytracker/venv/lib64/python3.14/site-packages/flask/templating.py", line 150, in render_template
    return _render(app, template, context)
  File "/home/pthunder/Projects/moneytracker/venv/lib64/python3.14/site-packages/flask/templating.py", line 131, in _render
    rv = template.render(context)
  File "/home/pthunder/Projects/moneytracker/venv/lib64/python3.14/site-packages/jinja2/environment.py", line 1295, in render
    self.environment.handle_exception()
    ~~~~~~~~~~~~~~~~~~~~~~~~~~~~~~~~~^^
  File "/home/pthunder/Projects/moneytracker/venv/lib64/python3.14/site-packages/jinja2/environment.py", line 942, in handle_exception
    raise rewrite_traceback_stack(source=source)
  File "/home/pthunder/Projects/moneytracker/app/templates/index.html", line 298, in top-level template code
    {% extends "layouts/web.html" %}
    ^^^^^^^^^^^^^^^^^^^^^^^^^
  File "/home/pthunder/Projects/moneytracker/app/templates/layouts/web.html", line 24, in top-level template code
    <a class="nav-link {% if CONTACT %}active{% endif %}" href="{{ url_for ('contact') }}">Contact Us</a>
    ^^^^^^^^^
  File "/home/pthunder/Projects/moneytracker/venv/lib64/python3.14/site-packages/flask/app.py", line 1121, in url_for
    return self.handle_url_build_error(error, endpoint, values)
           ~~~~~~~~~~~~~~~~~~~~~~~~~~~^^^^^^^^^^^^^^^^^^^^^^^^^
  File "/home/pthunder/Projects/moneytracker/venv/lib64/python3.14/site-packages/flask/app.py", line 1110, in url_for
    rv = url_adapter.build(  # type: ignore[union-attr]
        endpoint,
    ...<3 lines>...
        force_external=_external,
    )
  File "/home/pthunder/Projects/moneytracker/venv/lib64/python3.14/site-packages/werkzeug/routing/map.py", line 924, in build
    raise BuildError(endpoint, values, method, self)
werkzeug.routing.exceptions.BuildError: Could not build url for endpoint 'contact'. Did you mean 'static' instead?
[2026-09-04 10:22:16,185] ERROR in errors: Unhandled exception: Could not build url for endpoint 'contact'. Did you mean 'static' instead?
Traceback (most recent call last):
  File "/home/pthunder/Projects/moneytracker/venv/lib64/python3.14/site-packages/flask/app.py", line 917, in full_dispatch_request
    rv = self.dispatch_request()
  File "/home/pthunder/Projects/moneytracker/venv/lib64/python3.14/site-packages/flask/app.py", line 902, in dispatch_request
    return self.ensure_sync(self.view_functions[rule.endpoint])(**view_args)  # type: ignore[no-any-return]
           ~~~~~~~~~~~~~~~~~~~~~~~~~~~~~~~~~~~~~~~~~~~~~~~~~~~~^^^^^^^^^^^^^
  File "/home/pthunder/Projects/moneytracker/app/__init__.py", line 210, in index
    return render_template("index.html", title="Home")
  File "/home/pthunder/Projects/moneytracker/venv/lib64/python3.14/site-packages/flask/templating.py", line 150, in render_template
    return _render(app, template, context)
  File "/home/pthunder/Projects/moneytracker/venv/lib64/python3.14/site-packages/flask/templating.py", line 131, in _render
    rv = template.render(context)
  File "/home/pthunder/Projects/moneytracker/venv/lib64/python3.14/site-packages/jinja2/environment.py", line 1295, in render
    self.environment.handle_exception()
    ~~~~~~~~~~~~~~~~~~~~~~~~~~~~~~~~~^^
  File "/home/pthunder/Projects/moneytracker/venv/lib64/python3.14/site-packages/jinja2/environment.py", line 942, in handle_exception
    raise rewrite_traceback_stack(source=source)
  File "/home/pthunder/Projects/moneytracker/app/templates/index.html", line 298, in top-level template code
    {% extends "layouts/web.html" %}
    ^^^^^^^^^^^^^^^^^^^^^^^^^
  File "/home/pthunder/Projects/moneytracker/app/templates/layouts/web.html", line 24, in top-level template code
    <a class="nav-link {% if CONTACT %}active{% endif %}" href="{{ url_for ('contact') }}">Contact Us</a>
    ^^^^^^^^^
  File "/home/pthunder/Projects/moneytracker/venv/lib64/python3.14/site-packages/flask/app.py", line 1121, in url_for
    return self.handle_url_build_error(error, endpoint, values)
           ~~~~~~~~~~~~~~~~~~~~~~~~~~~^^^^^^^^^^^^^^^^^^^^^^^^^
  File "/home/pthunder/Projects/moneytracker/venv/lib64/python3.14/site-packages/flask/app.py", line 1110, in url_for
    rv = url_adapter.build(  # type: ignore[union-attr]
        endpoint,
    ...<3 lines>...
        force_external=_external,
    )
  File "/home/pthunder/Projects/moneytracker/venv/lib64/python3.14/site-packages/werkzeug/routing/map.py", line 924, in build
    raise BuildError(endpoint, values, method, self)
werkzeug.routing.exceptions.BuildError: Could not build url for endpoint 'contact'. Did you mean 'static' instead?
[2026-09-04 10:22:49,431] ERROR in errors: Unhandled exception: Could not build url for endpoint 'contact'. Did you mean 'static' instead?
Traceback (most recent call last):
  File "/home/pthunder/Projects/moneytracker/venv/lib64/python3.14/site-packages/flask/app.py", line 917, in full_dispatch_request
    rv = self.dispatch_request()
  File "/home/pthunder/Projects/moneytracker/venv/lib64/python3.14/site-packages/flask/app.py", line 902, in dispatch_request
    return self.ensure_sync(self.view_functions[rule.endpoint])(**view_args)  # type: ignore[no-any-return]
           ~~~~~~~~~~~~~~~~~~~~~~~~~~~~~~~~~~~~~~~~~~~~~~~~~~~~^^^^^^^^^^^^^
  File "/home/pthunder/Projects/moneytracker/app/__init__.py", line 210, in index
    return render_template("index.html", title="Home")
  File "/home/pthunder/Projects/moneytracker/venv/lib64/python3.14/site-packages/flask/templating.py", line 150, in render_template
    return _render(app, template, context)
  File "/home/pthunder/Projects/moneytracker/venv/lib64/python3.14/site-packages/flask/templating.py", line 131, in _render
    rv = template.render(context)
  File "/home/pthunder/Projects/moneytracker/venv/lib64/python3.14/site-packages/jinja2/environment.py", line 1295, in render
    self.environment.handle_exception()
    ~~~~~~~~~~~~~~~~~~~~~~~~~~~~~~~~~^^
  File "/home/pthunder/Projects/moneytracker/venv/lib64/python3.14/site-packages/jinja2/environment.py", line 942, in handle_exception
    raise rewrite_traceback_stack(source=source)
  File "/home/pthunder/Projects/moneytracker/app/templates/index.html", line 298, in top-level template code
    {% extends "layouts/web.html" %}
    ^^^^^^^^^^^^^^^^^^^^^^^^^
  File "/home/pthunder/Projects/moneytracker/app/templates/layouts/web.html", line 24, in top-level template code
    <a class="nav-link {% if CONTACT %}active{% endif %}" href="{{ url_for ('contact') }}">Contact Us</a>
    ^^^^^^^^^
  File "/home/pthunder/Projects/moneytracker/venv/lib64/python3.14/site-packages/flask/app.py", line 1121, in url_for
    return self.handle_url_build_error(error, endpoint, values)
           ~~~~~~~~~~~~~~~~~~~~~~~~~~~^^^^^^^^^^^^^^^^^^^^^^^^^
  File "/home/pthunder/Projects/moneytracker/venv/lib64/python3.14/site-packages/flask/app.py", line 1110, in url_for
    rv = url_adapter.build(  # type: ignore[union-attr]
        endpoint,
    ...<3 lines>...
        force_external=_external,
    )
  File "/home/pthunder/Projects/moneytracker/venv/lib64/python3.14/site-packages/werkzeug/routing/map.py", line 924, in build
    raise BuildError(endpoint, values, method, self)
werkzeug.routing.exceptions.BuildError: Could not build url for endpoint 'contact'. Did you mean 'static' instead?
[2026-09-04 10:23:17,888] ERROR in errors: Unhandled exception: Could not build url for endpoint 'contact'. Did you mean 'static' instead?
Traceback (most recent call last):
  File "/home/pthunder/Projects/moneytracker/venv/lib64/python3.14/site-packages/flask/app.py", line 917, in full_dispatch_request
    rv = self.dispatch_request()
  File "/home/pthunder/Projects/moneytracker/venv/lib64/python3.14/site-packages/flask/app.py", line 902, in dispatch_request
    return self.ensure_sync(self.view_functions[rule.endpoint])(**view_args)  # type: ignore[no-any-return]
           ~~~~~~~~~~~~~~~~~~~~~~~~~~~~~~~~~~~~~~~~~~~~~~~~~~~~^^^^^^^^^^^^^
  File "/home/pthunder/Projects/moneytracker/app/__init__.py", line 210, in index
    return render_template("index.html", title="Home")
  File "/home/pthunder/Projects/moneytracker/venv/lib64/python3.14/site-packages/flask/templating.py", line 150, in render_template
    return _render(app, template, context)
  File "/home/pthunder/Projects/moneytracker/venv/lib64/python3.14/site-packages/flask/templating.py", line 131, in _render
    rv = template.render(context)
  File "/home/pthunder/Projects/moneytracker/venv/lib64/python3.14/site-packages/jinja2/environment.py", line 1295, in render
    self.environment.handle_exception()
    ~~~~~~~~~~~~~~~~~~~~~~~~~~~~~~~~~^^
  File "/home/pthunder/Projects/moneytracker/venv/lib64/python3.14/site-packages/jinja2/environment.py", line 942, in handle_exception
    raise rewrite_traceback_stack(source=source)
  File "/home/pthunder/Projects/moneytracker/app/templates/index.html", line 298, in top-level template code
    {% extends "layouts/web.html" %}
    ^^^^^^^^^^^^^^^^^^^^^^^^^
  File "/home/pthunder/Projects/moneytracker/app/templates/layouts/web.html", line 24, in top-level template code
    <a class="nav-link {% if CONTACT %}active{% endif %}" href="{{ url_for ('contact') }}">Contact Us</a>
    ^^^^^^^^^
  File "/home/pthunder/Projects/moneytracker/venv/lib64/python3.14/site-packages/flask/app.py", line 1121, in url_for
    return self.handle_url_build_error(error, endpoint, values)
           ~~~~~~~~~~~~~~~~~~~~~~~~~~~^^^^^^^^^^^^^^^^^^^^^^^^^
  File "/home/pthunder/Projects/moneytracker/venv/lib64/python3.14/site-packages/flask/app.py", line 1110, in url_for
    rv = url_adapter.build(  # type: ignore[union-attr]
        endpoint,
    ...<3 lines>...
        force_external=_external,
    )
  File "/home/pthunder/Projects/moneytracker/venv/lib64/python3.14/site-packages/werkzeug/routing/map.py", line 924, in build
    raise BuildError(endpoint, values, method, self)
werkzeug.routing.exceptions.BuildError: Could not build url for endpoint 'contact'. Did you mean 'static' instead?
[2026-09-04 10:23:45,616] ERROR in errors: Unhandled exception: Could not build url for endpoint 'contact'. Did you mean 'static' instead?
Traceback (most recent call last):
  File "/home/pthunder/Projects/moneytracker/venv/lib64/python3.14/site-packages/flask/app.py", line 917, in full_dispatch_request
    rv = self.dispatch_request()
  File "/home/pthunder/Projects/moneytracker/venv/lib64/python3.14/site-packages/flask/app.py", line 902, in dispatch_request
    return self.ensure_sync(self.view_functions[rule.endpoint])(**view_args)  # type: ignore[no-any-return]
           ~~~~~~~~~~~~~~~~~~~~~~~~~~~~~~~~~~~~~~~~~~~~~~~~~~~~^^^^^^^^^^^^^
  File "/home/pthunder/Projects/moneytracker/app/__init__.py", line 210, in index
    return render_template("index.html", title="Home")
  File "/home/pthunder/Projects/moneytracker/venv/lib64/python3.14/site-packages/flask/templating.py", line 150, in render_template
    return _render(app, template, context)
  File "/home/pthunder/Projects/moneytracker/venv/lib64/python3.14/site-packages/flask/templating.py", line 131, in _render
    rv = template.render(context)
  File "/home/pthunder/Projects/moneytracker/venv/lib64/python3.14/site-packages/jinja2/environment.py", line 1295, in render
    self.environment.handle_exception()
    ~~~~~~~~~~~~~~~~~~~~~~~~~~~~~~~~~^^
  File "/home/pthunder/Projects/moneytracker/venv/lib64/python3.14/site-packages/jinja2/environment.py", line 942, in handle_exception
    raise rewrite_traceback_stack(source=source)
  File "/home/pthunder/Projects/moneytracker/app/templates/index.html", line 298, in top-level template code
    {% extends "layouts/web.html" %}
    ^^^^^^^^^^^^^^^^^^^^^^^^^
  File "/home/pthunder/Projects/moneytracker/app/templates/layouts/web.html", line 24, in top-level template code
    <a class="nav-link {% if CONTACT %}active{% endif %}" href="{{ url_for ('contact') }}">Contact Us</a>
    ^^^^^^^^^
  File "/home/pthunder/Projects/moneytracker/venv/lib64/python3.14/site-packages/flask/app.py", line 1121, in url_for
    return self.handle_url_build_error(error, endpoint, values)
           ~~~~~~~~~~~~~~~~~~~~~~~~~~~^^^^^^^^^^^^^^^^^^^^^^^^^
  File "/home/pthunder/Projects/moneytracker/venv/lib64/python3.14/site-packages/flask/app.py", line 1110, in url_for
    rv = url_adapter.build(  # type: ignore[union-attr]
        endpoint,
    ...<3 lines>...
        force_external=_external,
    )
  File "/home/pthunder/Projects/moneytracker/venv/lib64/python3.14/site-packages/werkzeug/routing/map.py", line 924, in build
    raise BuildError(endpoint, values, method, self)
werkzeug.routing.exceptions.BuildError: Could not build url for endpoint 'contact'. Did you mean 'static' instead?
[2026-09-04 10:23:52,127] ERROR in errors: Unhandled exception: Could not build url for endpoint 'contact'. Did you mean 'static' instead?
Traceback (most recent call last):
  File "/home/pthunder/Projects/moneytracker/venv/lib64/python3.14/site-packages/flask/app.py", line 917, in full_dispatch_request
    rv = self.dispatch_request()
  File "/home/pthunder/Projects/moneytracker/venv/lib64/python3.14/site-packages/flask/app.py", line 902, in dispatch_request
    return self.ensure_sync(self.view_functions[rule.endpoint])(**view_args)  # type: ignore[no-any-return]
           ~~~~~~~~~~~~~~~~~~~~~~~~~~~~~~~~~~~~~~~~~~~~~~~~~~~~^^^^^^^^^^^^^
  File "/home/pthunder/Projects/moneytracker/app/__init__.py", line 210, in index
    return render_template("index.html", title="Home")
  File "/home/pthunder/Projects/moneytracker/venv/lib64/python3.14/site-packages/flask/templating.py", line 150, in render_template
    return _render(app, template, context)
  File "/home/pthunder/Projects/moneytracker/venv/lib64/python3.14/site-packages/flask/templating.py", line 131, in _render
    rv = template.render(context)
  File "/home/pthunder/Projects/moneytracker/venv/lib64/python3.14/site-packages/jinja2/environment.py", line 1295, in render
    self.environment.handle_exception()
    ~~~~~~~~~~~~~~~~~~~~~~~~~~~~~~~~~^^
  File "/home/pthunder/Projects/moneytracker/venv/lib64/python3.14/site-packages/jinja2/environment.py", line 942, in handle_exception
    raise rewrite_traceback_stack(source=source)
  File "/home/pthunder/Projects/moneytracker/app/templates/index.html", line 298, in top-level template code
    {% extends "layouts/web.html" %}
    ^^^^^^^^^^^^^^^^^^^^^^^^^
  File "/home/pthunder/Projects/moneytracker/app/templates/layouts/web.html", line 24, in top-level template code
    <a class="nav-link {% if CONTACT %}active{% endif %}" href="{{ url_for ('contact') }}">Contact Us</a>
    ^^^^^^^^^
  File "/home/pthunder/Projects/moneytracker/venv/lib64/python3.14/site-packages/flask/app.py", line 1121, in url_for
    return self.handle_url_build_error(error, endpoint, values)
           ~~~~~~~~~~~~~~~~~~~~~~~~~~~^^^^^^^^^^^^^^^^^^^^^^^^^
  File "/home/pthunder/Projects/moneytracker/venv/lib64/python3.14/site-packages/flask/app.py", line 1110, in url_for
    rv = url_adapter.build(  # type: ignore[union-attr]
        endpoint,
    ...<3 lines>...
        force_external=_external,
    )
  File "/home/pthunder/Projects/moneytracker/venv/lib64/python3.14/site-packages/werkzeug/routing/map.py", line 924, in build
    raise BuildError(endpoint, values, method, self)
werkzeug.routing.exceptions.BuildError: Could not build url for endpoint 'contact'. Did you mean 'static' instead?
[2026-09-04 10:25:16,407] ERROR in errors: Unhandled exception: Could not build url for endpoint 'auth.login'. Did you mean 'index' instead?
Traceback (most recent call last):
  File "/home/pthunder/Projects/moneytracker/venv/lib64/python3.14/site-packages/flask/app.py", line 917, in full_dispatch_request
    rv = self.dispatch_request()
  File "/home/pthunder/Projects/moneytracker/venv/lib64/python3.14/site-packages/flask/app.py", line 902, in dispatch_request
    return self.ensure_sync(self.view_functions[rule.endpoint])(**view_args)  # type: ignore[no-any-return]
           ~~~~~~~~~~~~~~~~~~~~~~~~~~~~~~~~~~~~~~~~~~~~~~~~~~~~^^^^^^^^^^^^^
  File "/home/pthunder/Projects/moneytracker/app/__init__.py", line 210, in index
    return render_template("index.html", title="Home")
  File "/home/pthunder/Projects/moneytracker/venv/lib64/python3.14/site-packages/flask/templating.py", line 150, in render_template
    return _render(app, template, context)
  File "/home/pthunder/Projects/moneytracker/venv/lib64/python3.14/site-packages/flask/templating.py", line 131, in _render
    rv = template.render(context)
  File "/home/pthunder/Projects/moneytracker/venv/lib64/python3.14/site-packages/jinja2/environment.py", line 1295, in render
    self.environment.handle_exception()
    ~~~~~~~~~~~~~~~~~~~~~~~~~~~~~~~~~^^
  File "/home/pthunder/Projects/moneytracker/venv/lib64/python3.14/site-packages/jinja2/environment.py", line 942, in handle_exception
    raise rewrite_traceback_stack(source=source)
  File "/home/pthunder/Projects/moneytracker/app/templates/index.html", line 298, in top-level template code
    {% extends "layouts/web.html" %}
    ^^^^^^^^^^^^^^^^^^^^^^^^^
  File "/home/pthunder/Projects/moneytracker/app/templates/layouts/web.html", line 49, in top-level template code
    {% block content %}
  File "/home/pthunder/Projects/moneytracker/app/templates/index.html", line 1380, in block 'content'
    <a href="{{ url_for('auth.login') }}" class="mt-btn mt-btn-ghost">Log in</a>
    ^^^^^^^^^^^^^^^^^
  File "/home/pthunder/Projects/moneytracker/venv/lib64/python3.14/site-packages/flask/app.py", line 1121, in url_for
    return self.handle_url_build_error(error, endpoint, values)
           ~~~~~~~~~~~~~~~~~~~~~~~~~~~^^^^^^^^^^^^^^^^^^^^^^^^^
  File "/home/pthunder/Projects/moneytracker/venv/lib64/python3.14/site-packages/flask/app.py", line 1110, in url_for
    rv = url_adapter.build(  # type: ignore[union-attr]
        endpoint,
    ...<3 lines>...
        force_external=_external,
    )
  File "/home/pthunder/Projects/moneytracker/venv/lib64/python3.14/site-packages/werkzeug/routing/map.py", line 924, in build
    raise BuildError(endpoint, values, method, self)
werkzeug.routing.exceptions.BuildError: Could not build url for endpoint 'auth.login'. Did you mean 'index' instead?
[2026-09-04 11:27:37,201] ERROR in errors: Unhandled exception: Could not build url for endpoint 'features'. Did you mean 'static' instead?
Traceback (most recent call last):
  File "/home/pthunder/Projects/moneytracker/venv/lib64/python3.14/site-packages/flask/app.py", line 917, in full_dispatch_request
    rv = self.dispatch_request()
  File "/home/pthunder/Projects/moneytracker/venv/lib64/python3.14/site-packages/flask/app.py", line 902, in dispatch_request
    return self.ensure_sync(self.view_functions[rule.endpoint])(**view_args)  # type: ignore[no-any-return]
           ~~~~~~~~~~~~~~~~~~~~~~~~~~~~~~~~~~~~~~~~~~~~~~~~~~~~^^^^^^^^^^^^^
  File "/home/pthunder/Projects/moneytracker/app/__init__.py", line 210, in index
    return render_template("index.html", title="Home")
  File "/home/pthunder/Projects/moneytracker/venv/lib64/python3.14/site-packages/flask/templating.py", line 150, in render_template
    return _render(app, template, context)
  File "/home/pthunder/Projects/moneytracker/venv/lib64/python3.14/site-packages/flask/templating.py", line 131, in _render
    rv = template.render(context)
  File "/home/pthunder/Projects/moneytracker/venv/lib64/python3.14/site-packages/jinja2/environment.py", line 1295, in render
    self.environment.handle_exception()
    ~~~~~~~~~~~~~~~~~~~~~~~~~~~~~~~~~^^
  File "/home/pthunder/Projects/moneytracker/venv/lib64/python3.14/site-packages/jinja2/environment.py", line 942, in handle_exception
    raise rewrite_traceback_stack(source=source)
  File "/home/pthunder/Projects/moneytracker/app/templates/index.html", line 1, in top-level template code
    {% extends "layouts/web.html" %}
    ^^^^^^^^^^^^^^^^^^^^^^^^^
  File "/home/pthunder/Projects/moneytracker/app/templates/layouts/web.html", line 27, in top-level template code
    <a class="nav-link {% if FEATURES %}active{% endif %}" href="{{ url_for ('features') }}">Features</a>
    ^^^^^^^^^
  File "/home/pthunder/Projects/moneytracker/venv/lib64/python3.14/site-packages/flask/app.py", line 1121, in url_for
    return self.handle_url_build_error(error, endpoint, values)
           ~~~~~~~~~~~~~~~~~~~~~~~~~~~^^^^^^^^^^^^^^^^^^^^^^^^^
  File "/home/pthunder/Projects/moneytracker/venv/lib64/python3.14/site-packages/flask/app.py", line 1110, in url_for
    rv = url_adapter.build(  # type: ignore[union-attr]
        endpoint,
    ...<3 lines>...
        force_external=_external,
    )
  File "/home/pthunder/Projects/moneytracker/venv/lib64/python3.14/site-packages/werkzeug/routing/map.py", line 924, in build
    raise BuildError(endpoint, values, method, self)
werkzeug.routing.exceptions.BuildError: Could not build url for endpoint 'features'. Did you mean 'static' instead?
[2026-09-04 11:35:26,034] ERROR in errors: Unhandled exception: index.html
Traceback (most recent call last):
  File "/home/pthunder/Projects/moneytracker/venv/lib64/python3.14/site-packages/flask/app.py", line 917, in full_dispatch_request
    rv = self.dispatch_request()
  File "/home/pthunder/Projects/moneytracker/venv/lib64/python3.14/site-packages/flask/app.py", line 902, in dispatch_request
    return self.ensure_sync(self.view_functions[rule.endpoint])(**view_args)  # type: ignore[no-any-return]
           ~~~~~~~~~~~~~~~~~~~~~~~~~~~~~~~~~~~~~~~~~~~~~~~~~~~~^^^^^^^^^^^^^
  File "/home/pthunder/Projects/moneytracker/app/__init__.py", line 210, in index
    return render_template("index.html", title="Home")
  File "/home/pthunder/Projects/moneytracker/venv/lib64/python3.14/site-packages/flask/templating.py", line 149, in render_template
    template = app.jinja_env.get_or_select_template(template_name_or_list)
  File "/home/pthunder/Projects/moneytracker/venv/lib64/python3.14/site-packages/jinja2/environment.py", line 1087, in get_or_select_template
    return self.get_template(template_name_or_list, parent, globals)
           ~~~~~~~~~~~~~~~~~^^^^^^^^^^^^^^^^^^^^^^^^^^^^^^^^^^^^^^^^
  File "/home/pthunder/Projects/moneytracker/venv/lib64/python3.14/site-packages/jinja2/environment.py", line 1016, in get_template
    return self._load_template(name, globals)
           ~~~~~~~~~~~~~~~~~~~^^^^^^^^^^^^^^^
  File "/home/pthunder/Projects/moneytracker/venv/lib64/python3.14/site-packages/jinja2/environment.py", line 975, in _load_template
    template = self.loader.load(self, name, self.make_globals(globals))
  File "/home/pthunder/Projects/moneytracker/venv/lib64/python3.14/site-packages/jinja2/loaders.py", line 126, in load
    source, filename, uptodate = self.get_source(environment, name)
                                 ~~~~~~~~~~~~~~~^^^^^^^^^^^^^^^^^^^
  File "/home/pthunder/Projects/moneytracker/venv/lib64/python3.14/site-packages/flask/templating.py", line 65, in get_source
    return self._get_source_fast(environment, template)
           ~~~~~~~~~~~~~~~~~~~~~^^^^^^^^^^^^^^^^^^^^^^^
  File "/home/pthunder/Projects/moneytracker/venv/lib64/python3.14/site-packages/flask/templating.py", line 99, in _get_source_fast
    raise TemplateNotFound(template)
jinja2.exceptions.TemplateNotFound: index.html
[2026-09-04 11:35:27,257] ERROR in errors: Unhandled exception: index.html
Traceback (most recent call last):
  File "/home/pthunder/Projects/moneytracker/venv/lib64/python3.14/site-packages/flask/app.py", line 917, in full_dispatch_request
    rv = self.dispatch_request()
  File "/home/pthunder/Projects/moneytracker/venv/lib64/python3.14/site-packages/flask/app.py", line 902, in dispatch_request
    return self.ensure_sync(self.view_functions[rule.endpoint])(**view_args)  # type: ignore[no-any-return]
           ~~~~~~~~~~~~~~~~~~~~~~~~~~~~~~~~~~~~~~~~~~~~~~~~~~~~^^^^^^^^^^^^^
  File "/home/pthunder/Projects/moneytracker/app/__init__.py", line 210, in index
    return render_template("index.html", title="Home")
  File "/home/pthunder/Projects/moneytracker/venv/lib64/python3.14/site-packages/flask/templating.py", line 149, in render_template
    template = app.jinja_env.get_or_select_template(template_name_or_list)
  File "/home/pthunder/Projects/moneytracker/venv/lib64/python3.14/site-packages/jinja2/environment.py", line 1087, in get_or_select_template
    return self.get_template(template_name_or_list, parent, globals)
           ~~~~~~~~~~~~~~~~~^^^^^^^^^^^^^^^^^^^^^^^^^^^^^^^^^^^^^^^^
  File "/home/pthunder/Projects/moneytracker/venv/lib64/python3.14/site-packages/jinja2/environment.py", line 1016, in get_template
    return self._load_template(name, globals)
           ~~~~~~~~~~~~~~~~~~~^^^^^^^^^^^^^^^
  File "/home/pthunder/Projects/moneytracker/venv/lib64/python3.14/site-packages/jinja2/environment.py", line 975, in _load_template
    template = self.loader.load(self, name, self.make_globals(globals))
  File "/home/pthunder/Projects/moneytracker/venv/lib64/python3.14/site-packages/jinja2/loaders.py", line 126, in load
    source, filename, uptodate = self.get_source(environment, name)
                                 ~~~~~~~~~~~~~~~^^^^^^^^^^^^^^^^^^^
  File "/home/pthunder/Projects/moneytracker/venv/lib64/python3.14/site-packages/flask/templating.py", line 65, in get_source
    return self._get_source_fast(environment, template)
           ~~~~~~~~~~~~~~~~~~~~~^^^^^^^^^^^^^^^^^^^^^^^
  File "/home/pthunder/Projects/moneytracker/venv/lib64/python3.14/site-packages/flask/templating.py", line 99, in _get_source_fast
    raise TemplateNotFound(template)
jinja2.exceptions.TemplateNotFound: index.html
[2026-09-04 11:36:28,090] ERROR in errors: Unhandled exception: shared/web.html
Traceback (most recent call last):
  File "/home/pthunder/Projects/moneytracker/venv/lib64/python3.14/site-packages/flask/app.py", line 917, in full_dispatch_request
    rv = self.dispatch_request()
  File "/home/pthunder/Projects/moneytracker/venv/lib64/python3.14/site-packages/flask/app.py", line 902, in dispatch_request
    return self.ensure_sync(self.view_functions[rule.endpoint])(**view_args)  # type: ignore[no-any-return]
           ~~~~~~~~~~~~~~~~~~~~~~~~~~~~~~~~~~~~~~~~~~~~~~~~~~~~^^^^^^^^^^^^^
  File "/home/pthunder/Projects/moneytracker/app/__init__.py", line 247, in contact
    return render_template("contact.html", title="Contact")
  File "/home/pthunder/Projects/moneytracker/venv/lib64/python3.14/site-packages/flask/templating.py", line 150, in render_template
    return _render(app, template, context)
  File "/home/pthunder/Projects/moneytracker/venv/lib64/python3.14/site-packages/flask/templating.py", line 131, in _render
    rv = template.render(context)
  File "/home/pthunder/Projects/moneytracker/venv/lib64/python3.14/site-packages/jinja2/environment.py", line 1295, in render
    self.environment.handle_exception()
    ~~~~~~~~~~~~~~~~~~~~~~~~~~~~~~~~~^^
  File "/home/pthunder/Projects/moneytracker/venv/lib64/python3.14/site-packages/jinja2/environment.py", line 942, in handle_exception
    raise rewrite_traceback_stack(source=source)
  File "/home/pthunder/Projects/moneytracker/app/templates/contact.html", line 1, in top-level template code
    {% extends "shared/web.html" %}
    ^^^^^^^^^^^^^^^^^^^^^^^^^
  File "/home/pthunder/Projects/moneytracker/venv/lib64/python3.14/site-packages/flask/templating.py", line 65, in get_source
    return self._get_source_fast(environment, template)
           ~~~~~~~~~~~~~~~~~~~~~^^^^^^^^^^^^^^^^^^^^^^^
  File "/home/pthunder/Projects/moneytracker/venv/lib64/python3.14/site-packages/flask/templating.py", line 99, in _get_source_fast
    raise TemplateNotFound(template)
jinja2.exceptions.TemplateNotFound: shared/web.html
[2026-09-04 12:09:07,534] ERROR in errors: Unhandled exception: Could not build url for endpoint 'register'. Did you mean 'features' instead?
Traceback (most recent call last):
  File "/home/pthunder/Projects/moneytracker/venv/lib64/python3.14/site-packages/flask/app.py", line 917, in full_dispatch_request
    rv = self.dispatch_request()
  File "/home/pthunder/Projects/moneytracker/venv/lib64/python3.14/site-packages/flask/app.py", line 902, in dispatch_request
    return self.ensure_sync(self.view_functions[rule.endpoint])(**view_args)  # type: ignore[no-any-return]
           ~~~~~~~~~~~~~~~~~~~~~~~~~~~~~~~~~~~~~~~~~~~~~~~~~~~~^^^^^^^^^^^^^
  File "/home/pthunder/Projects/moneytracker/app/__init__.py", line 210, in index
    return render_template("index.html", title="Home")
  File "/home/pthunder/Projects/moneytracker/venv/lib64/python3.14/site-packages/flask/templating.py", line 150, in render_template
    return _render(app, template, context)
  File "/home/pthunder/Projects/moneytracker/venv/lib64/python3.14/site-packages/flask/templating.py", line 131, in _render
    rv = template.render(context)
  File "/home/pthunder/Projects/moneytracker/venv/lib64/python3.14/site-packages/jinja2/environment.py", line 1295, in render
    self.environment.handle_exception()
    ~~~~~~~~~~~~~~~~~~~~~~~~~~~~~~~~~^^
  File "/home/pthunder/Projects/moneytracker/venv/lib64/python3.14/site-packages/jinja2/environment.py", line 942, in handle_exception
    raise rewrite_traceback_stack(source=source)
  File "/home/pthunder/Projects/moneytracker/app/templates/index.html", line 1, in top-level template code
    {% extends "layouts/web.html" %}
    ^^^^^^^^^^^^^^^^^^^^^^^^^
  File "/home/pthunder/Projects/moneytracker/app/templates/layouts/web.html", line 64, in top-level template code
    {% block content %}
  File "/home/pthunder/Projects/moneytracker/app/templates/index.html", line 9, in block 'content'
    <a href="{{ url_for('register') }}" class="btn btn-primary btn-lg">Get Started</a>
    ^^^^^^^^^^^^^^^^^
  File "/home/pthunder/Projects/moneytracker/venv/lib64/python3.14/site-packages/flask/app.py", line 1121, in url_for
    return self.handle_url_build_error(error, endpoint, values)
           ~~~~~~~~~~~~~~~~~~~~~~~~~~~^^^^^^^^^^^^^^^^^^^^^^^^^
  File "/home/pthunder/Projects/moneytracker/venv/lib64/python3.14/site-packages/flask/app.py", line 1110, in url_for
    rv = url_adapter.build(  # type: ignore[union-attr]
        endpoint,
    ...<3 lines>...
        force_external=_external,
    )
  File "/home/pthunder/Projects/moneytracker/venv/lib64/python3.14/site-packages/werkzeug/routing/map.py", line 924, in build
    raise BuildError(endpoint, values, method, self)
werkzeug.routing.exceptions.BuildError: Could not build url for endpoint 'register'. Did you mean 'features' instead?
[2026-09-04 23:57:35,763] ERROR in errors: Unhandled exception: shared/web.html
Traceback (most recent call last):
  File "/home/pthunder/Projects/moneytracker/venv/lib64/python3.14/site-packages/flask/app.py", line 917, in full_dispatch_request
    rv = self.dispatch_request()
  File "/home/pthunder/Projects/moneytracker/venv/lib64/python3.14/site-packages/flask/app.py", line 902, in dispatch_request
    return self.ensure_sync(self.view_functions[rule.endpoint])(**view_args)  # type: ignore[no-any-return]
           ~~~~~~~~~~~~~~~~~~~~~~~~~~~~~~~~~~~~~~~~~~~~~~~~~~~~^^^^^^^^^^^^^
  File "/home/pthunder/Projects/moneytracker/app/__init__.py", line 247, in contact
    return render_template("contact.html", title="Contact")
  File "/home/pthunder/Projects/moneytracker/venv/lib64/python3.14/site-packages/flask/templating.py", line 150, in render_template
    return _render(app, template, context)
  File "/home/pthunder/Projects/moneytracker/venv/lib64/python3.14/site-packages/flask/templating.py", line 131, in _render
    rv = template.render(context)
  File "/home/pthunder/Projects/moneytracker/venv/lib64/python3.14/site-packages/jinja2/environment.py", line 1295, in render
    self.environment.handle_exception()
    ~~~~~~~~~~~~~~~~~~~~~~~~~~~~~~~~~^^
  File "/home/pthunder/Projects/moneytracker/venv/lib64/python3.14/site-packages/jinja2/environment.py", line 942, in handle_exception
    raise rewrite_traceback_stack(source=source)
  File "/home/pthunder/Projects/moneytracker/app/templates/contact.html", line 1, in top-level template code
    {% extends "shared/web.html" %}
    ^^^^^^^^^^^^^^^^^^^^^^^^^
  File "/home/pthunder/Projects/moneytracker/venv/lib64/python3.14/site-packages/flask/templating.py", line 65, in get_source
    return self._get_source_fast(environment, template)
           ~~~~~~~~~~~~~~~~~~~~~^^^^^^^^^^^^^^^^^^^^^^^
  File "/home/pthunder/Projects/moneytracker/venv/lib64/python3.14/site-packages/flask/templating.py", line 99, in _get_source_fast
    raise TemplateNotFound(template)
jinja2.exceptions.TemplateNotFound: shared/web.html
